// Jest Snapshot v1, https://goo.gl/fbAQLP

exports[`NotificationBadge renders count when there are notifications 1`] = `
<NotificationBadge
  total={42}
>
  <Nav
    navbar={true}
  >
    <StyledComponent
      forwardedComponent={
        Object {
          "$$typeof": Symbol(react.forward_ref),
          "STYLES": Array [
            "tabs",
            "pills",
          ],
          "attrs": Array [],
          "componentStyle": ComponentStyle {
            "componentId": "Nav-dzawzr-0",
            "isStatic": true,
            "lastClassName": "jJbWWy",
            "rules": Array [
              "&.nav{> li{> a{&:hover,&:focus{background-color:",
              "#e8e8e8",
              ";}}&.disabled > a{color:",
              "#1f1f1f",
              ";&:hover,&:focus{color:",
              "#1f1f1f",
              ";}}}.open > a{&,&:hover,&:focus{background-color:",
              "#e8e8e8",
              ";border-color:",
              "#702785",
              ";}}}&.nav-pills{> li{&.active > a{&,&:hover,&:focus{color:",
              "#fefefe",
              ";background-color:",
              "#702785",
              ";}}}}&",
              ".nav-tabs{border-bottom-color:",
              "#702785",
              ";> li{> a{&:hover{border-color:",
              "#e8e8e8",
              " ",
              "#e8e8e8",
              " ",
              "#702785",
              ";background-color:",
              "#e8e8e8",
              ";}}&.active > a{&,&:hover,&:focus{color:",
              "#1f1f1f",
              ";background-color:",
              "#fefefe",
              ";border-color:",
              "#702785",
              ";border-bottom-color:transparent;}}}&.nav-justified{> .active > a,> .active > a:hover,> .active > a:focus{border-color:",
              "#702785",
              ";}@media (min-width:",
              "768px",
              "){> li > a{border-bottom-color:",
              "#702785",
              ";}> .active > a,> .active > a:hover,> .active > a:focus{border-bottom-color:",
              "#fefefe",
              ";}}}}",
            ],
          },
          "displayName": "Nav",
          "foldedComponentIds": Array [],
          "render": [Function],
          "styledComponentId": "Nav-dzawzr-0",
          "target": [Function],
          "toString": [Function],
          "warnTooManyClasses": [Function],
          "withComponent": [Function],
        }
      }
      forwardedRef={null}
      navbar={true}
    >
      <Nav
        bsClass="nav"
        className="Nav-dzawzr-0 jJbWWy"
        justified={false}
        navbar={true}
        pullLeft={false}
        pullRight={false}
        stacked={false}
      >
        <ul
          className="Nav-dzawzr-0 jJbWWy nav navbar-nav"
          role={null}
        >
          <LinkContainer
            action="push"
            key=".0"
            onSelect={null}
            onlyActiveOnIndex={false}
            to="/system/overview"
          >
            <InactiveNavItem
              action="push"
              className="notification-badge-link"
              onClick={[Function]}
              onSelect={null}
            >
              <NavItem
                action="push"
                active={false}
                className="notification-badge-link"
                disabled={false}
                onClick={[Function]}
                onSelect={null}
              >
                <li
                  className="notification-badge-link"
                  role="presentation"
                >
                  <SafeAnchor
                    action="push"
                    componentClass="a"
                    disabled={false}
                    onClick={[Function]}
                  >
                    <a
                      action="push"
                      href="#"
                      onClick={[Function]}
                      onKeyDown={[Function]}
                      role="button"
                    >
                      <Badge
                        bsStyle="danger"
                        id="notification-badge"
                      >
                        <StyledComponent
                          bsStyle="danger"
                          forwardedComponent={
                            Object {
                              "$$typeof": Symbol(react.forward_ref),
                              "attrs": Array [],
                              "componentStyle": ComponentStyle {
                                "componentId": "Badge-sc-4gzqz0-0",
                                "isStatic": false,
                                "lastClassName": "iRhcGJ",
                                "rules": Array [
                                  [Function],
                                ],
                              },
                              "displayName": "Badge",
                              "foldedComponentIds": Array [],
                              "render": [Function],
                              "styledComponentId": "Badge-sc-4gzqz0-0",
                              "target": [Function],
                              "toString": [Function],
                              "warnTooManyClasses": [Function],
                              "withComponent": [Function],
                            }
                          }
                          forwardedRef={null}
                          id="notification-badge"
                        >
                          <Badge
                            bsClass="badge"
                            bsStyle="danger"
                            className="Badge-sc-4gzqz0-0 iRhcGJ"
                            id="notification-badge"
                            pullRight={false}
                          >
                            <span
                              className="Badge-sc-4gzqz0-0 iRhcGJ badge badge-danger"
                              id="notification-badge"
                            >
                              42
                            </span>
                          </Badge>
                        </StyledComponent>
                      </Badge>
                    </a>
                  </SafeAnchor>
                </li>
              </NavItem>
            </InactiveNavItem>
          </LinkContainer>
        </ul>
      </Nav>
    </StyledComponent>
  </Nav>
</NotificationBadge>
`;

exports[`NotificationBadge renders nothing when there are no notifications 1`] = `
<NotificationBadge
  total={0}
/>
`;
